P2
4 3
100
  99 100 100  10
   0  11 100  99
  50  90 100 100
