P2
# P4
16 3
1
 1 0 1 0 1 0 1 0 1 0 1 0 1 0 1 0
 0 1 0 1 0 1 0 1 0 1 0 1 0 1 0 1
 1 0 1 0 1 0 1 0 1 0 1 0 1 0 1 0
