P2
# P1
3 2
1
 0 0 0
 0 1 0

P2
# P2
4 3
300
 280 290 100  10
   0  11 300 299
  50 190 100 100

P2
# P2
4 3
100
  99 100 100  10
   0  11 100  99
  50  90 100 100

P2
# P2
3 2
10
 10 10  1
  1  0 10

P2
# P5
4 3
300
 280 290 100  10
   0  11 300 299
  50 190 100 100

P2
# P5
3 2
10
 10 10  1
  1  0 10
