P2
# P5
4 3
300
 280 290 100  10
   0  11 300 299
  50 190 100 100
